../Middlewares/Third_Party/mbedtls/tests/src/test_helpers/ssl_helpers.c:1070:12:psk_dummy_callback	0	static
../Middlewares/Third_Party/mbedtls/tests/src/test_helpers/ssl_helpers.c:15:5:mbedtls_test_random	16	static
../Middlewares/Third_Party/mbedtls/tests/src/test_helpers/ssl_helpers.c:567:13:test_ssl_endpoint_certificate_free	8	static
../Middlewares/Third_Party/mbedtls/tests/src/test_helpers/ssl_helpers.c:953:12:mbedtls_ssl_write_fragment	24	static
../Middlewares/Third_Party/mbedtls/tests/src/test_helpers/ssl_helpers.c:1000:12:mbedtls_ssl_read_fragment	32	static
../Middlewares/Third_Party/mbedtls/tests/src/test_helpers/ssl_helpers.c:1985:12:check_ssl_version	40	static
../Middlewares/Third_Party/mbedtls/tests/src/test_helpers/ssl_helpers.c:912:5:mbedtls_test_move_handshake_to_state.part.0	24	static
../Middlewares/Third_Party/mbedtls/tests/src/test_helpers/ssl_helpers.c:25:6:mbedtls_test_ssl_log_analyzer	8	static
../Middlewares/Third_Party/mbedtls/tests/src/test_helpers/ssl_helpers.c:42:6:mbedtls_test_init_handshake_options	16	static
../Middlewares/Third_Party/mbedtls/tests/src/test_helpers/ssl_helpers.c:83:6:mbedtls_test_free_handshake_options	0	static
../Middlewares/Third_Party/mbedtls/tests/src/test_helpers/ssl_helpers.c:110:6:mbedtls_test_ssl_buffer_init	0	static
../Middlewares/Third_Party/mbedtls/tests/src/test_helpers/ssl_helpers.c:115:5:mbedtls_test_ssl_buffer_setup	16	static
../Middlewares/Third_Party/mbedtls/tests/src/test_helpers/ssl_helpers.c:128:6:mbedtls_test_ssl_buffer_free	8	static
../Middlewares/Third_Party/mbedtls/tests/src/test_helpers/ssl_helpers.c:137:5:mbedtls_test_ssl_buffer_put	24	static
../Middlewares/Third_Party/mbedtls/tests/src/test_helpers/ssl_helpers.c:412:5:mbedtls_test_mock_tcp_send_nb	4	static
../Middlewares/Third_Party/mbedtls/tests/src/test_helpers/ssl_helpers.c:181:5:mbedtls_test_ssl_buffer_get	24	static
../Middlewares/Third_Party/mbedtls/tests/src/test_helpers/ssl_helpers.c:428:5:mbedtls_test_mock_tcp_recv_nb	0	static
../Middlewares/Third_Party/mbedtls/tests/src/test_helpers/ssl_helpers.c:215:5:mbedtls_test_ssl_message_queue_setup	16	static
../Middlewares/Third_Party/mbedtls/tests/src/test_helpers/ssl_helpers.c:230:6:mbedtls_test_ssl_message_queue_free	8	static
../Middlewares/Third_Party/mbedtls/tests/src/test_helpers/ssl_helpers.c:244:5:mbedtls_test_ssl_message_queue_push_info	8	static
../Middlewares/Third_Party/mbedtls/tests/src/test_helpers/ssl_helpers.c:262:5:mbedtls_test_ssl_message_queue_pop_info	12	static
../Middlewares/Third_Party/mbedtls/tests/src/test_helpers/ssl_helpers.c:313:6:mbedtls_test_mock_socket_init	0	static
../Middlewares/Third_Party/mbedtls/tests/src/test_helpers/ssl_helpers.c:318:6:mbedtls_test_mock_socket_close	8	static
../Middlewares/Third_Party/mbedtls/tests/src/test_helpers/ssl_helpers.c:341:5:mbedtls_test_mock_socket_connect	24	static
../Middlewares/Third_Party/mbedtls/tests/src/test_helpers/ssl_helpers.c:389:5:mbedtls_test_mock_tcp_send_b	0	static
../Middlewares/Third_Party/mbedtls/tests/src/test_helpers/ssl_helpers.c:482:5:mbedtls_test_mock_tcp_send_msg	16	static
../Middlewares/Third_Party/mbedtls/tests/src/test_helpers/ssl_helpers.c:401:5:mbedtls_test_mock_tcp_recv_b	0	static
../Middlewares/Third_Party/mbedtls/tests/src/test_helpers/ssl_helpers.c:509:5:mbedtls_test_mock_tcp_recv_msg	32	static
../Middlewares/Third_Party/mbedtls/tests/src/test_helpers/ssl_helpers.c:443:6:mbedtls_test_message_socket_init	0	static
../Middlewares/Third_Party/mbedtls/tests/src/test_helpers/ssl_helpers.c:451:5:mbedtls_test_message_socket_setup	24	static
../Middlewares/Third_Party/mbedtls/tests/src/test_helpers/ssl_helpers.c:470:6:mbedtls_test_message_socket_close	8	static
../Middlewares/Third_Party/mbedtls/tests/src/test_helpers/ssl_helpers.c:594:5:mbedtls_test_ssl_endpoint_certificate_init	40	static
../Middlewares/Third_Party/mbedtls/tests/src/test_helpers/ssl_helpers.c:735:5:mbedtls_test_ssl_endpoint_init	72	static
../Middlewares/Third_Party/mbedtls/tests/src/test_helpers/ssl_helpers.c:896:6:mbedtls_test_ssl_endpoint_free	16	static
../Middlewares/Third_Party/mbedtls/tests/src/test_helpers/ssl_helpers.c:912:5:mbedtls_test_move_handshake_to_state	0	static
../Middlewares/Third_Party/mbedtls/tests/src/test_helpers/ssl_helpers.c:1253:5:mbedtls_test_ssl_build_transforms	96	static
../Middlewares/Third_Party/mbedtls/tests/src/test_helpers/ssl_helpers.c:1674:5:mbedtls_test_ssl_tls12_populate_session	8	static
../Middlewares/Third_Party/mbedtls/tests/src/test_helpers/ssl_helpers.c:1861:5:mbedtls_test_ssl_exchange_data	88	static
../Middlewares/Third_Party/mbedtls/tests/src/test_helpers/ssl_helpers.c:2024:6:mbedtls_test_ssl_perform_handshake	992	static
