../Middlewares/Third_Party/mbedtls/tests/src/helpers.c:379:13:mbedtls_test_fail_internal	8	static
../Middlewares/Third_Party/mbedtls/tests/src/helpers.c:193:13:mbedtls_test_set_line1_internal	8	static
../Middlewares/Third_Party/mbedtls/tests/src/helpers.c:218:13:mbedtls_test_set_line2_internal	8	static
../Middlewares/Third_Party/mbedtls/tests/src/helpers.c:48:23:mbedtls_test_get_result	16	static
../Middlewares/Third_Party/mbedtls/tests/src/helpers.c:77:13:mbedtls_test_get_test	16	static
../Middlewares/Third_Party/mbedtls/tests/src/helpers.c:93:13:mbedtls_get_test_filename	16	static
../Middlewares/Third_Party/mbedtls/tests/src/helpers.c:112:5:mbedtls_test_get_line_no	16	static
../Middlewares/Third_Party/mbedtls/tests/src/helpers.c:129:6:mbedtls_test_increment_step	8	static
../Middlewares/Third_Party/mbedtls/tests/src/helpers.c:142:15:mbedtls_test_get_step	16	static
../Middlewares/Third_Party/mbedtls/tests/src/helpers.c:167:6:mbedtls_test_set_step	16	static
../Middlewares/Third_Party/mbedtls/tests/src/helpers.c:180:6:mbedtls_test_get_line1	16	static
../Middlewares/Third_Party/mbedtls/tests/src/helpers.c:205:6:mbedtls_test_get_line2	16	static
../Middlewares/Third_Party/mbedtls/tests/src/helpers.c:267:10:mbedtls_test_get_case_uses_negative_0	16	static
../Middlewares/Third_Party/mbedtls/tests/src/helpers.c:290:6:mbedtls_test_increment_case_uses_negative_0	8	static
../Middlewares/Third_Party/mbedtls/tests/src/helpers.c:316:5:mbedtls_test_platform_setup	8	static
../Middlewares/Third_Party/mbedtls/tests/src/helpers.c:348:6:mbedtls_test_platform_teardown	8	static
../Middlewares/Third_Party/mbedtls/tests/src/helpers.c:364:5:mbedtls_test_ascii2uc	0	static
../Middlewares/Third_Party/mbedtls/tests/src/helpers.c:392:6:mbedtls_test_fail	24	static
../Middlewares/Third_Party/mbedtls/tests/src/helpers.c:405:6:mbedtls_test_skip	24	static
../Middlewares/Third_Party/mbedtls/tests/src/helpers.c:418:6:mbedtls_test_info_reset	24	static
../Middlewares/Third_Party/mbedtls/tests/src/helpers.c:438:5:mbedtls_test_equal	128	static
../Middlewares/Third_Party/mbedtls/tests/src/helpers.c:476:5:mbedtls_test_le_u	128	static
../Middlewares/Third_Party/mbedtls/tests/src/helpers.c:514:5:mbedtls_test_le_s	128	static
../Middlewares/Third_Party/mbedtls/tests/src/helpers.c:552:5:mbedtls_test_unhexify	32	static
../Middlewares/Third_Party/mbedtls/tests/src/helpers.c:586:6:mbedtls_test_hexify	20	static
../Middlewares/Third_Party/mbedtls/tests/src/helpers.c:613:16:mbedtls_test_zero_alloc	24	static
../Middlewares/Third_Party/mbedtls/tests/src/helpers.c:626:16:mbedtls_test_unhexify_alloc	32	static
../Middlewares/Third_Party/mbedtls/tests/src/helpers.c:644:5:mbedtls_test_hexcmp	12	static
