../Middlewares/Third_Party/nlassert/tests/nlassert-test.c:254:13:nlassert_test_vlog_with_buffer	16	static
../Middlewares/Third_Party/nlassert/tests/nlassert-test.c:267:13:nlassert_test_log_with_buffer	12	static
../Middlewares/Third_Party/nlassert/tests/nlassert-test.c:366:13:TestProduction	8	static
../Middlewares/Third_Party/nlassert/tests/nlassert-test.c:316:13:nlAssertTestCheckExpected.constprop	64	static
../Middlewares/Third_Party/nlassert/tests/nlassert-test.c:278:13:_nlassert_test_log.constprop	16	static
../Middlewares/Third_Party/nlassert/tests/nlassert-test.c:306:13:nlassert_test_action	0	static
../Middlewares/Third_Party/nlassert/tests/nlassert-test.c:203:13:TestContextReset	0	static
../Middlewares/Third_Party/nlassert/tests/nlassert-test.c:1591:12:TestTeardown	8	static
../Middlewares/Third_Party/nlassert/tests/nlassert-test.c:1525:12:TestSetup	16	static
../Middlewares/Third_Party/nlassert/tests/nlassert-test.c:1363:13:TestRequire	32	static
../Middlewares/Third_Party/nlassert/tests/nlassert-test.c:1216:13:TestDesire	32	static
../Middlewares/Third_Party/nlassert/tests/nlassert-test.c:1070:13:TestExpect	32	static
../Middlewares/Third_Party/nlassert/tests/nlassert-test.c:894:13:TestPrecondition	32	static
../Middlewares/Third_Party/nlassert/tests/nlassert-test.c:569:13:TestVerify	32	static
../Middlewares/Third_Party/nlassert/tests/nlassert-test.c:473:13:TestCheck	32	static
../Middlewares/Third_Party/nlassert/tests/nlassert-test.c:441:13:TestAbort	40	static
../Middlewares/Third_Party/nlassert/tests/nlassert-test.c:430:13:TestAssert	40	static
../Middlewares/Third_Party/nlassert/tests/nlassert-test.c:1608:5:main	56	static
