../Middlewares/Third_Party/nlassert/tests/nlassert-test.c:254:13:nlassert_test_vlog_with_buffer	2
../Middlewares/Third_Party/nlassert/tests/nlassert-test.c:267:13:nlassert_test_log_with_buffer	1
../Middlewares/Third_Party/nlassert/tests/nlassert-test.c:366:13:TestProduction	2
../Middlewares/Third_Party/nlassert/tests/nlassert-test.c:316:13:nlAssertTestCheckExpected.constprop	4
../Middlewares/Third_Party/nlassert/tests/nlassert-test.c:278:13:_nlassert_test_log.constprop	1
../Middlewares/Third_Party/nlassert/tests/nlassert-test.c:306:13:nlassert_test_action	1
../Middlewares/Third_Party/nlassert/tests/nlassert-test.c:203:13:TestContextReset	3
../Middlewares/Third_Party/nlassert/tests/nlassert-test.c:1591:12:TestTeardown	3
../Middlewares/Third_Party/nlassert/tests/nlassert-test.c:1525:12:TestSetup	3
../Middlewares/Third_Party/nlassert/tests/nlassert-test.c:1363:13:TestRequire	49
../Middlewares/Third_Party/nlassert/tests/nlassert-test.c:1216:13:TestDesire	49
../Middlewares/Third_Party/nlassert/tests/nlassert-test.c:1070:13:TestExpect	49
../Middlewares/Third_Party/nlassert/tests/nlassert-test.c:894:13:TestPrecondition	73
../Middlewares/Third_Party/nlassert/tests/nlassert-test.c:569:13:TestVerify	46
../Middlewares/Third_Party/nlassert/tests/nlassert-test.c:473:13:TestCheck	37
../Middlewares/Third_Party/nlassert/tests/nlassert-test.c:441:13:TestAbort	11
../Middlewares/Third_Party/nlassert/tests/nlassert-test.c:430:13:TestAssert	11
../Middlewares/Third_Party/nlassert/tests/nlassert-test.c:1608:5:main	1
