../Middlewares/Third_Party/nlio/tests/nlbyteorder-test.c:33:13:CheckPreprocessorDefinitions	1
../Middlewares/Third_Party/nlio/tests/nlbyteorder-test.c:41:13:CheckEnumerations	1
../Middlewares/Third_Party/nlio/tests/nlbyteorder-test.c:48:13:CheckByteOrder	1
../Middlewares/Third_Party/nlio/tests/nlbyteorder-test.c:93:13:CheckSwapByValue	1
../Middlewares/Third_Party/nlio/tests/nlbyteorder-test.c:77:13:CheckInPlaceInlines	1
../Middlewares/Third_Party/nlio/tests/nlbyteorder-test.c:55:13:CheckConstantMacros	1
../Middlewares/Third_Party/nlio/tests/nlbyteorder-test.c:68:13:CheckValueInlines	1
../Middlewares/Third_Party/nlio/tests/nlbyteorder-test.c:182:5:main	1
