../Middlewares/Third_Party/nlio/include/nlio-base.h:783:24:nlIOWriteUnaligned64	1
../Middlewares/Third_Party/nlio/tests/nlio-byteorder-test.c:342:13:CheckGetBigAligned	1
../Middlewares/Third_Party/nlio/tests/nlio-byteorder-test.c:521:13:CheckReadLittleAligned	1
../Middlewares/Third_Party/nlio/tests/nlio-byteorder-test.c:652:13:CheckGetBigUnaligned	1
../Middlewares/Third_Party/nlio/tests/nlio-byteorder-test.c:1377:13:CheckReadLittleUnaligned	1
../Middlewares/Third_Party/nlio/tests/nlio-byteorder-test.c:213:13:CheckReadLittle	1
../Middlewares/Third_Party/nlio/tests/nlio-byteorder-test.c:478:13:CheckReadBigAligned	1
../Middlewares/Third_Party/nlio/tests/nlio-byteorder-test.c:68:13:CheckGetLittle	1
../Middlewares/Third_Party/nlio/tests/nlio-byteorder-test.c:136:13:CheckPutLittle	1
../Middlewares/Third_Party/nlio/tests/nlio-byteorder-test.c:376:13:CheckGetLittleAligned	1
../Middlewares/Third_Party/nlio/tests/nlio-byteorder-test.c:410:13:CheckPutBigAligned	1
../Middlewares/Third_Party/nlio/tests/nlio-byteorder-test.c:444:13:CheckPutLittleAligned	1
../Middlewares/Third_Party/nlio/tests/nlio-byteorder-test.c:800:13:CheckGetLittleUnaligned	1
../Middlewares/Third_Party/nlio/tests/nlio-byteorder-test.c:948:13:CheckPutBigUnaligned	1
../Middlewares/Third_Party/nlio/tests/nlio-byteorder-test.c:1081:13:CheckPutLittleUnaligned	1
../Middlewares/Third_Party/nlio/tests/nlio-byteorder-test.c:102:13:CheckPutBig	1
../Middlewares/Third_Party/nlio/tests/nlio-byteorder-test.c:34:13:CheckGetBig	1
../Middlewares/Third_Party/nlio/tests/nlio-byteorder-test.c:170:13:CheckReadBig	1
../Middlewares/Third_Party/nlio/tests/nlio-byteorder-test.c:256:13:CheckWriteBig	1
../Middlewares/Third_Party/nlio/tests/nlio-byteorder-test.c:607:13:CheckWriteLittleAligned	1
../Middlewares/Third_Party/nlio/tests/nlio-byteorder-test.c:299:13:CheckWriteLittle	1
../Middlewares/Third_Party/nlio/tests/nlio-byteorder-test.c:564:13:CheckWriteBigAligned	1
../Middlewares/Third_Party/nlio/tests/nlio-byteorder-test.c:1214:13:CheckReadBigUnaligned	1
../Middlewares/Third_Party/nlio/tests/nlio-byteorder-test.c:1540:13:CheckWriteBigUnaligned	17
../Middlewares/Third_Party/nlio/tests/nlio-byteorder-test.c:1688:13:CheckWriteLittleUnaligned	17
../Middlewares/Third_Party/nlio/tests/nlio-byteorder-test.c:1865:5:main	1
