../Middlewares/Third_Party/nlio/include/nlio-base.h:619:24:nlIOReadMaybeAligned16	1
../Middlewares/Third_Party/nlio/include/nlio-base.h:639:24:nlIOReadMaybeAligned32	1
../Middlewares/Third_Party/nlio/include/nlio-base.h:659:24:nlIOReadMaybeAligned64	1
../Middlewares/Third_Party/nlio/tests/nlio-test.c:34:13:CheckIntrospection	1
../Middlewares/Third_Party/nlio/tests/nlio-test.c:103:13:CheckAlignedGet	1
../Middlewares/Third_Party/nlio/tests/nlio-test.c:778:13:CheckAlignedRead	1
../Middlewares/Third_Party/nlio/tests/nlio-test.c:844:13:CheckUnalignedRead	1
../Middlewares/Third_Party/nlio/tests/nlio-test.c:1326:13:CheckRead	29
../Middlewares/Third_Party/nlio/tests/nlio-test.c:1085:13:CheckMaybeAlignedRead	29
../Middlewares/Third_Party/nlio/tests/nlio-test.c:811:13:CheckAlignedWrite	1
../Middlewares/Third_Party/nlio/include/nlio-base.h:851:24:nlIOWriteMaybeAligned64.constprop	2
../Middlewares/Third_Party/nlio/include/nlio-base.h:834:24:nlIOWriteMaybeAligned32.constprop	2
../Middlewares/Third_Party/nlio/include/nlio-base.h:817:24:nlIOWriteMaybeAligned16.constprop	2
../Middlewares/Third_Party/nlio/tests/nlio-test.c:570:13:CheckGet	1
../Middlewares/Third_Party/nlio/tests/nlio-test.c:362:13:CheckMaybeAlignedGet	1
../Middlewares/Third_Party/nlio/tests/nlio-test.c:472:13:CheckMaybeAlignedPut	1
../Middlewares/Third_Party/nlio/tests/nlio-test.c:680:13:CheckPut	1
../Middlewares/Third_Party/nlio/tests/nlio-test.c:264:13:CheckUnalignedPut	1
../Middlewares/Third_Party/nlio/tests/nlio-test.c:127:13:CheckAlignedPut	1
../Middlewares/Third_Party/nlio/tests/nlio-test.c:151:13:CheckUnalignedGet	1
../Middlewares/Third_Party/nlio/tests/nlio-test.c:1213:13:CheckMaybeAlignedWrite	29
../Middlewares/Third_Party/nlio/tests/nlio-test.c:1454:13:CheckWrite	29
../Middlewares/Third_Party/nlio/tests/nlio-test.c:972:13:CheckUnalignedWrite	1
../Middlewares/Third_Party/nlio/tests/nlio-test.c:1588:5:main	1
