../Middlewares/Third_Party/nlio/tests/nlunit-test.c:124:13:def_log_statAssert	0	static
../Middlewares/Third_Party/nlio/tests/nlunit-test.c:119:13:def_log_statTest	0	static
../Middlewares/Third_Party/nlio/tests/nlunit-test.c:114:13:def_log_teardown	16	static
../Middlewares/Third_Party/nlio/tests/nlunit-test.c:109:13:def_log_test	24	static
../Middlewares/Third_Party/nlio/tests/nlunit-test.c:104:13:def_log_setup	16	static
../Middlewares/Third_Party/nlio/tests/nlunit-test.c:99:13:def_log_terminate	16	static
../Middlewares/Third_Party/nlio/tests/nlunit-test.c:95:13:def_log_initialize	16	static
../Middlewares/Third_Party/nlio/tests/nlunit-test.c:90:13:def_log_name	0	static
../Middlewares/Third_Party/nlio/tests/nlunit-test.c:166:13:csv_log_statAssert	0	static
../Middlewares/Third_Party/nlio/tests/nlunit-test.c:161:13:csv_log_statTest	0	static
../Middlewares/Third_Party/nlio/tests/nlunit-test.c:156:13:csv_log_teardown	0	static
../Middlewares/Third_Party/nlio/tests/nlunit-test.c:151:13:csv_log_test	8	static
../Middlewares/Third_Party/nlio/tests/nlunit-test.c:146:13:csv_log_setup	0	static
../Middlewares/Third_Party/nlio/tests/nlunit-test.c:141:13:csv_log_terminate	0	static
../Middlewares/Third_Party/nlio/tests/nlunit-test.c:136:13:csv_log_initialize	0	static
../Middlewares/Third_Party/nlio/tests/nlunit-test.c:131:13:csv_log_name	0	static
../Middlewares/Third_Party/nlio/tests/nlunit-test.c:171:6:nlTestRunner	32	static
../Middlewares/Third_Party/nlio/tests/nlunit-test.c:233:5:nlTestRunnerStats	16	static
../Middlewares/Third_Party/nlio/tests/nlunit-test.c:241:6:nlTestSetOutputStyle	0	static
../Middlewares/Third_Party/nlio/tests/nlunit-test.c:253:6:nlTestSetLogger	0	static
