../Middlewares/Third_Party/mbedtls/programs/test/metatest.c:67:13:do_nothing_with_object	0	static
../Middlewares/Third_Party/mbedtls/programs/test/metatest.c:161:6:double_free	16	static
../Middlewares/Third_Party/mbedtls/programs/test/metatest.c:303:6:mutex_double_init	16	static
../Middlewares/Third_Party/mbedtls/programs/test/metatest.c:318:6:mutex_double_free	16	static
../Middlewares/Third_Party/mbedtls/programs/test/metatest.c:333:6:mutex_leak	16	static
../Middlewares/Third_Party/mbedtls/programs/test/metatest.c:79:6:meta_test_fail	0	static
../Middlewares/Third_Party/mbedtls/programs/test/metatest.c:85:6:meta_test_not_equal	24	static
../Middlewares/Third_Party/mbedtls/programs/test/metatest.c:97:6:meta_test_not_le_s	24	static
../Middlewares/Third_Party/mbedtls/programs/test/metatest.c:109:6:meta_test_not_le_u	24	static
../Middlewares/Third_Party/mbedtls/programs/test/metatest.c:151:6:read_after_free	8	static
../Middlewares/Third_Party/mbedtls/programs/test/metatest.c:171:6:read_uninitialized_stack	8	static
../Middlewares/Third_Party/mbedtls/programs/test/metatest.c:185:6:memory_leak	8	static
../Middlewares/Third_Party/mbedtls/programs/test/metatest.c:289:6:mutex_free_not_initialized	16	static
../Middlewares/Third_Party/mbedtls/programs/test/metatest.c:199:6:test_memory_poison	64	static
../Middlewares/Third_Party/mbedtls/programs/test/metatest.c:428:13:help	8	static
../Middlewares/Third_Party/mbedtls/programs/test/metatest.c:257:6:mutex_lock_not_initialized	16	static
../Middlewares/Third_Party/mbedtls/programs/test/metatest.c:273:6:mutex_unlock_not_initialized	16	static
../Middlewares/Third_Party/mbedtls/programs/test/metatest.c:134:6:null_pointer_call	16	static
../Middlewares/Third_Party/mbedtls/programs/test/metatest.c:125:6:null_pointer_dereference	16	static
../Middlewares/Third_Party/mbedtls/programs/test/metatest.c:435:5:main	24	static
