../Middlewares/Third_Party/mbedtls/programs/ssl/ssl_context_info.c:114:6:print_version	0	static
../Middlewares/Third_Party/mbedtls/programs/ssl/ssl_context_info.c:119:6:print_usage	8	static
../Middlewares/Third_Party/mbedtls/programs/ssl/ssl_context_info.c:141:6:printf_dbg	16	static
../Middlewares/Third_Party/mbedtls/programs/ssl/ssl_context_info.c:154:6:printf_err	24	static
../Middlewares/Third_Party/mbedtls/programs/ssl/ssl_context_info.c:168:6:error_exit	8	static
../Middlewares/Third_Party/mbedtls/programs/ssl/ssl_context_info.c:179:6:parse_arguments	40	static
../Middlewares/Third_Party/mbedtls/programs/ssl/ssl_context_info.c:226:6:print_b64	24	static
../Middlewares/Third_Party/mbedtls/programs/ssl/ssl_context_info.c:250:6:print_hex	32	static
../Middlewares/Third_Party/mbedtls/programs/ssl/ssl_context_info.c:274:6:print_time	0	static
../Middlewares/Third_Party/mbedtls/programs/ssl/ssl_context_info.c:295:6:print_if_bit	0	static
../Middlewares/Third_Party/mbedtls/programs/ssl/ssl_context_info.c:305:13:get_enabled_str	0	static
../Middlewares/Third_Party/mbedtls/programs/ssl/ssl_context_info.c:313:13:get_mfl_str	0	static
../Middlewares/Third_Party/mbedtls/programs/ssl/ssl_context_info.c:346:8:read_next_b64_code	48	static
../Middlewares/Third_Party/mbedtls/programs/ssl/ssl_context_info.c:446:6:print_deserialized_ssl_cert	4528	static
../Middlewares/Third_Party/mbedtls/programs/ssl/ssl_context_info.c:512:6:print_deserialized_ssl_session	24	static
../Middlewares/Third_Party/mbedtls/programs/ssl/ssl_context_info.c:749:6:print_deserialized_ssl_context	24	static
../Middlewares/Third_Party/mbedtls/programs/ssl/ssl_context_info.c:917:5:main	72	static
