../Middlewares/Third_Party/connectedhomeip/src/lib/core/CHIPPersistentStorageDelegate.h:107:18:virtual bool chip::PersistentStorageDelegate::SyncDoesKeyExist(const char*)	16	static
../Middlewares/Third_Party/connectedhomeip/src/lib/support/TestPersistentStorageDelegate.h:56:16:virtual CHIP_ERROR chip::TestPersistentStorageDelegate::SyncGetKeyValue(const char*, void*, uint16_t&)	8	static
../Middlewares/Third_Party/connectedhomeip/src/lib/support/TestPersistentStorageDelegate.h:82:16:virtual CHIP_ERROR chip::TestPersistentStorageDelegate::SyncSetKeyValue(const char*, const void*, uint16_t)	4	static
../Middlewares/Third_Party/connectedhomeip/src/lib/support/TestPersistentStorageDelegate.h:104:16:virtual CHIP_ERROR chip::TestPersistentStorageDelegate::SyncDeleteKeyValue(const char*)	8	static
../Middlewares/Third_Party/connectedhomeip/src/lib/support/TestPersistentStorageDelegate.h:152:20:virtual size_t chip::TestPersistentStorageDelegate::GetNumKeys()	0	static
../Middlewares/Third_Party/connectedhomeip/src/lib/support/TestPersistentStorageDelegate.h:182:18:virtual void chip::TestPersistentStorageDelegate::SetLoggingLevel(LoggingLevel)	0	static
../Middlewares/Third_Party/connectedhomeip/src/transport/tests/TestGroupMessageCounter.cpp:482:5:int TestGroupMessageCounter()	56	static
C:\ST\STM32CubeIDE_1.17.0\STM32CubeIDE\plugins\com.st.stm32cube.ide.mcu.externaltools.gnu-tools-for-stm32.13.3.rel1.win32_1.0.0.202411081344\tools\bin/../lib/gcc/arm-none-eabi/13.3.1/../../../../arm-none-eabi/include/c++/13.3.1/bits/basic_string.h:853:7:std::__cxx11::basic_string<_CharT, _Traits, _Alloc>& std::__cxx11::basic_string<_CharT, _Traits, _Alloc>::operator=(std::__cxx11::basic_string<_CharT, _Traits, _Alloc>&&) [with _CharT = char; _Traits = std::char_traits<char>; _Alloc = std::allocator<char>]	24	static
C:\ST\STM32CubeIDE_1.17.0\STM32CubeIDE\plugins\com.st.stm32cube.ide.mcu.externaltools.gnu-tools-for-stm32.13.3.rel1.win32_1.0.0.202411081344\tools\bin/../lib/gcc/arm-none-eabi/13.3.1/../../../../arm-none-eabi/include/c++/13.3.1/bits/basic_string.h:547:7:std::__cxx11::basic_string<_CharT, _Traits, _Alloc>::basic_string(const std::__cxx11::basic_string<_CharT, _Traits, _Alloc>&) [with _CharT = char; _Traits = std::char_traits<char>; _Alloc = std::allocator<char>]	24	static
C:\ST\STM32CubeIDE_1.17.0\STM32CubeIDE\plugins\com.st.stm32cube.ide.mcu.externaltools.gnu-tools-for-stm32.13.3.rel1.win32_1.0.0.202411081344\tools\bin/../lib/gcc/arm-none-eabi/13.3.1/../../../../arm-none-eabi/include/c++/13.3.1/bits/stl_tree.h:1930:5:void std::_Rb_tree<_Key, _Val, _KeyOfValue, _Compare, _Alloc>::_M_erase(_Link_type) [with _Key = std::__cxx11::basic_string<char>; _Val = std::__cxx11::basic_string<char>; _KeyOfValue = std::_Identity<std::__cxx11::basic_string<char> >; _Compare = std::less<std::__cxx11::basic_string<char> >; _Alloc = std::allocator<std::__cxx11::basic_string<char> >]	16	static
../Middlewares/Third_Party/connectedhomeip/src/lib/support/TestPersistentStorageDelegate.h:141:18:virtual void chip::TestPersistentStorageDelegate::ClearPoisonKeys()	8	static
C:\ST\STM32CubeIDE_1.17.0\STM32CubeIDE\plugins\com.st.stm32cube.ide.mcu.externaltools.gnu-tools-for-stm32.13.3.rel1.win32_1.0.0.202411081344\tools\bin/../lib/gcc/arm-none-eabi/13.3.1/../../../../arm-none-eabi/include/c++/13.3.1/bits/basic_string.h:677:7:std::__cxx11::basic_string<_CharT, _Traits, _Alloc>::basic_string(std::__cxx11::basic_string<_CharT, _Traits, _Alloc>&&) [with _CharT = char; _Traits = std::char_traits<char>; _Alloc = std::allocator<char>]	24	static
C:\ST\STM32CubeIDE_1.17.0\STM32CubeIDE\plugins\com.st.stm32cube.ide.mcu.externaltools.gnu-tools-for-stm32.13.3.rel1.win32_1.0.0.202411081344\tools\bin/../lib/gcc/arm-none-eabi/13.3.1/../../../../arm-none-eabi/include/c++/13.3.1/bitset:1168:7:std::bitset<_Nb>& std::bitset<_Nb>::set(std::size_t, bool) [with unsigned int _Nb = 32]	8	static
../Middlewares/Third_Party/connectedhomeip/src/transport/tests/TestGroupMessageCounter.cpp:44:10:void {anonymous}::TestGroupOutgoingCounters::SetCounter(bool, uint32_t)	96	static
../Middlewares/Third_Party/connectedhomeip/src/transport/PeerMessageCounter.h:111:16:CHIP_ERROR chip::Transport::PeerMessageCounter::VerifyOrTrustFirstGroup(uint32_t)	8	static
../Middlewares/Third_Party/connectedhomeip/src/transport/PeerMessageCounter.h:321:10:void chip::Transport::PeerMessageCounter::CommitWithRollover(uint32_t)	4	static
../Middlewares/Third_Party/connectedhomeip/src/transport/GroupPeerMessageCounter.h:56:7:chip::Transport::GroupPeerTable::GroupPeerTable()	20	static
../Middlewares/Third_Party/connectedhomeip/src/transport/tests/TestGroupMessageCounter.cpp:192:6:void {anonymous}::PeerRetrievalTest(nlTestSuite*, void*)	2120	static
../Middlewares/Third_Party/connectedhomeip/src/transport/tests/TestGroupMessageCounter.cpp:104:6:void {anonymous}::AddPeerTest(nlTestSuite*, void*)	2128	static
../Middlewares/Third_Party/connectedhomeip/src/transport/tests/TestGroupMessageCounter.cpp:241:6:void {anonymous}::CounterTrustFirstTest(nlTestSuite*, void*)	2112	static
../Middlewares/Third_Party/connectedhomeip/src/transport/tests/TestGroupMessageCounter.cpp:215:6:void {anonymous}::CounterCommitRolloverTest(nlTestSuite*, void*)	2112	static
../Middlewares/Third_Party/connectedhomeip/src/transport/tests/TestGroupMessageCounter.cpp:315:6:void {anonymous}::ReorderPeerRemovalTest(nlTestSuite*, void*)	2112	static
../Middlewares/Third_Party/connectedhomeip/src/transport/tests/TestGroupMessageCounter.cpp:131:6:void {anonymous}::RemovePeerTest(nlTestSuite*, void*)	2144	static
../Middlewares/Third_Party/connectedhomeip/src/transport/tests/TestGroupMessageCounter.cpp:351:6:void {anonymous}::ReorderFabricRemovalTest(nlTestSuite*, void*)	2128	static
../Middlewares/Third_Party/connectedhomeip/src/transport/tests/TestGroupMessageCounter.cpp:492:1:void RegisterTestGroupMessageCounter()	8	static
C:\ST\STM32CubeIDE_1.17.0\STM32CubeIDE\plugins\com.st.stm32cube.ide.mcu.externaltools.gnu-tools-for-stm32.13.3.rel1.win32_1.0.0.202411081344\tools\bin/../lib/gcc/arm-none-eabi/13.3.1/../../../../arm-none-eabi/include/c++/13.3.1/bits/basic_string.h:641:7:std::__cxx11::basic_string<_CharT, _Traits, _Alloc>::basic_string(const _CharT*, const _Alloc&) [with <template-parameter-2-1> = std::allocator<char>; _CharT = char; _Traits = std::char_traits<char>; _Alloc = std::allocator<char>]	24	static
C:\ST\STM32CubeIDE_1.17.0\STM32CubeIDE\plugins\com.st.stm32cube.ide.mcu.externaltools.gnu-tools-for-stm32.13.3.rel1.win32_1.0.0.202411081344\tools\bin/../lib/gcc/arm-none-eabi/13.3.1/../../../../arm-none-eabi/include/c++/13.3.1/bits/stl_vector.h:733:7:std::vector<_Tp, _Alloc>::~vector() [with _Tp = unsigned char; _Alloc = std::allocator<unsigned char>]	8	static
C:\ST\STM32CubeIDE_1.17.0\STM32CubeIDE\plugins\com.st.stm32cube.ide.mcu.externaltools.gnu-tools-for-stm32.13.3.rel1.win32_1.0.0.202411081344\tools\bin/../lib/gcc/arm-none-eabi/13.3.1/../../../../arm-none-eabi/include/c++/13.3.1/bits/stl_tree.h:631:7:void std::_Rb_tree<_Key, _Val, _KeyOfValue, _Compare, _Alloc>::_M_drop_node(_Link_type) [with _Key = std::__cxx11::basic_string<char>; _Val = std::pair<const std::__cxx11::basic_string<char>, std::vector<unsigned char> >; _KeyOfValue = std::_Select1st<std::pair<const std::__cxx11::basic_string<char>, std::vector<unsigned char> > >; _Compare = std::less<std::__cxx11::basic_string<char> >; _Alloc = std::allocator<std::pair<const std::__cxx11::basic_string<char>, std::vector<unsigned char> > >]	16	static
C:\ST\STM32CubeIDE_1.17.0\STM32CubeIDE\plugins\com.st.stm32cube.ide.mcu.externaltools.gnu-tools-for-stm32.13.3.rel1.win32_1.0.0.202411081344\tools\bin/../lib/gcc/arm-none-eabi/13.3.1/../../../../arm-none-eabi/include/c++/13.3.1/bits/stl_tree.h:1930:5:void std::_Rb_tree<_Key, _Val, _KeyOfValue, _Compare, _Alloc>::_M_erase(_Link_type) [with _Key = std::__cxx11::basic_string<char>; _Val = std::pair<const std::__cxx11::basic_string<char>, std::vector<unsigned char> >; _KeyOfValue = std::_Select1st<std::pair<const std::__cxx11::basic_string<char>, std::vector<unsigned char> > >; _Compare = std::less<std::__cxx11::basic_string<char> >; _Alloc = std::allocator<std::pair<const std::__cxx11::basic_string<char>, std::vector<unsigned char> > >]	16	static
../Middlewares/Third_Party/connectedhomeip/src/lib/support/TestPersistentStorageDelegate.h:44:7:chip::TestPersistentStorageDelegate::~TestPersistentStorageDelegate()	8	static
../Middlewares/Third_Party/connectedhomeip/src/transport/tests/TestGroupMessageCounter.cpp:402:6:void {anonymous}::GroupMessageCounterTest(nlTestSuite*, void*)	136	static
../Middlewares/Third_Party/connectedhomeip/src/lib/support/TestPersistentStorageDelegate.h:44:7:virtual chip::TestPersistentStorageDelegate::~TestPersistentStorageDelegate()	8	static
../Middlewares/Third_Party/connectedhomeip/src/lib/support/TestPersistentStorageDelegate.h:147:18:virtual void chip::TestPersistentStorageDelegate::ClearStorage()	8	static
C:\ST\STM32CubeIDE_1.17.0\STM32CubeIDE\plugins\com.st.stm32cube.ide.mcu.externaltools.gnu-tools-for-stm32.13.3.rel1.win32_1.0.0.202411081344\tools\bin/../lib/gcc/arm-none-eabi/13.3.1/../../../../arm-none-eabi/include/c++/13.3.1/bits/stl_vector.h:1959:7:void std::vector<_Tp, _Alloc>::_M_move_assign(std::vector<_Tp, _Alloc>&&, std::true_type) [with _Tp = unsigned char; _Alloc = std::allocator<unsigned char>]	32	static
C:\ST\STM32CubeIDE_1.17.0\STM32CubeIDE\plugins\com.st.stm32cube.ide.mcu.externaltools.gnu-tools-for-stm32.13.3.rel1.win32_1.0.0.202411081344\tools\bin/../lib/gcc/arm-none-eabi/13.3.1/../../../../arm-none-eabi/include/c++/13.3.1/bits/basic_string.h:3829:5:bool std::operator<(const __cxx11::basic_string<_CharT, _Traits, _Allocator>&, const __cxx11::basic_string<_CharT, _Traits, _Allocator>&) [with _CharT = char; _Traits = char_traits<char>; _Alloc = allocator<char>]	8	static
C:\ST\STM32CubeIDE_1.17.0\STM32CubeIDE\plugins\com.st.stm32cube.ide.mcu.externaltools.gnu-tools-for-stm32.13.3.rel1.win32_1.0.0.202411081344\tools\bin/../lib/gcc/arm-none-eabi/13.3.1/../../../../arm-none-eabi/include/c++/13.3.1/bits/stl_heap.h:224:5:void std::__adjust_heap(_RandomAccessIterator, _Distance, _Distance, _Tp, _Compare) [with _RandomAccessIterator = __gnu_cxx::__normal_iterator<__cxx11::basic_string<char>*, vector<__cxx11::basic_string<char> > >; _Distance = int; _Tp = __cxx11::basic_string<char>; _Compare = __gnu_cxx::__ops::_Iter_less_iter]	72	static
C:\ST\STM32CubeIDE_1.17.0\STM32CubeIDE\plugins\com.st.stm32cube.ide.mcu.externaltools.gnu-tools-for-stm32.13.3.rel1.win32_1.0.0.202411081344\tools\bin/../lib/gcc/arm-none-eabi/13.3.1/../../../../arm-none-eabi/include/c++/13.3.1/bits/stl_heap.h:254:5:void std::__pop_heap(_RandomAccessIterator, _RandomAccessIterator, _RandomAccessIterator, _Compare&) [with _RandomAccessIterator = __gnu_cxx::__normal_iterator<__cxx11::basic_string<char>*, vector<__cxx11::basic_string<char> > >; _Compare = __gnu_cxx::__ops::_Iter_less_iter]	64	static
C:\ST\STM32CubeIDE_1.17.0\STM32CubeIDE\plugins\com.st.stm32cube.ide.mcu.externaltools.gnu-tools-for-stm32.13.3.rel1.win32_1.0.0.202411081344\tools\bin/../lib/gcc/arm-none-eabi/13.3.1/../../../../arm-none-eabi/include/c++/13.3.1/bits/stl_algo.h:1792:5:void std::__unguarded_linear_insert(_RandomAccessIterator, _Compare) [with _RandomAccessIterator = __gnu_cxx::__normal_iterator<__cxx11::basic_string<char>*, vector<__cxx11::basic_string<char> > >; _Compare = __gnu_cxx::__ops::_Val_less_iter]	40	static
C:\ST\STM32CubeIDE_1.17.0\STM32CubeIDE\plugins\com.st.stm32cube.ide.mcu.externaltools.gnu-tools-for-stm32.13.3.rel1.win32_1.0.0.202411081344\tools\bin/../lib/gcc/arm-none-eabi/13.3.1/../../../../arm-none-eabi/include/c++/13.3.1/bits/stl_algo.h:1918:5:void std::__introsort_loop(_RandomAccessIterator, _RandomAccessIterator, _Size, _Compare) [with _RandomAccessIterator = __gnu_cxx::__normal_iterator<__cxx11::basic_string<char>*, vector<__cxx11::basic_string<char> > >; _Size = int; _Compare = __gnu_cxx::__ops::_Iter_less_iter]	88	static
C:\ST\STM32CubeIDE_1.17.0\STM32CubeIDE\plugins\com.st.stm32cube.ide.mcu.externaltools.gnu-tools-for-stm32.13.3.rel1.win32_1.0.0.202411081344\tools\bin/../lib/gcc/arm-none-eabi/13.3.1/../../../../arm-none-eabi/include/c++/13.3.1/bits/stl_algo.h:1812:5:void std::__insertion_sort(_RandomAccessIterator, _RandomAccessIterator, _Compare) [with _RandomAccessIterator = __gnu_cxx::__normal_iterator<__cxx11::basic_string<char>*, vector<__cxx11::basic_string<char> > >; _Compare = __gnu_cxx::__ops::_Iter_less_iter]	56	static
../Middlewares/Third_Party/connectedhomeip/src/lib/support/TestPersistentStorageDelegate.h:187:18:virtual void chip::TestPersistentStorageDelegate::DumpKeys()	48	static
C:\ST\STM32CubeIDE_1.17.0\STM32CubeIDE\plugins\com.st.stm32cube.ide.mcu.externaltools.gnu-tools-for-stm32.13.3.rel1.win32_1.0.0.202411081344\tools\bin/../lib/gcc/arm-none-eabi/13.3.1/../../../../arm-none-eabi/include/c++/13.3.1/bits/stl_set.h:796:7:std::set<_Key, _Compare, _Alloc>::iterator std::set<_Key, _Compare, _Alloc>::find(const key_type&) [with _Key = std::__cxx11::basic_string<char>; _Compare = std::less<std::__cxx11::basic_string<char> >; _Alloc = std::allocator<std::__cxx11::basic_string<char> >]	24	static
C:\ST\STM32CubeIDE_1.17.0\STM32CubeIDE\plugins\com.st.stm32cube.ide.mcu.externaltools.gnu-tools-for-stm32.13.3.rel1.win32_1.0.0.202411081344\tools\bin/../lib/gcc/arm-none-eabi/13.3.1/../../../../arm-none-eabi/include/c++/13.3.1/bits/stl_tree.h:1947:5:std::_Rb_tree<_Key, _Val, _KeyOfValue, _Compare, _Alloc>::iterator std::_Rb_tree<_Key, _Val, _KeyOfValue, _Compare, _Alloc>::_M_lower_bound(_Link_type, _Base_ptr, const _Key&) [with _Key = std::__cxx11::basic_string<char>; _Val = std::pair<const std::__cxx11::basic_string<char>, std::vector<unsigned char> >; _KeyOfValue = std::_Select1st<std::pair<const std::__cxx11::basic_string<char>, std::vector<unsigned char> > >; _Compare = std::less<std::__cxx11::basic_string<char> >; _Alloc = std::allocator<std::pair<const std::__cxx11::basic_string<char>, std::vector<unsigned char> > >]	16	static
../Middlewares/Third_Party/connectedhomeip/src/lib/support/TestPersistentStorageDelegate.h:175:18:virtual bool chip::TestPersistentStorageDelegate::HasKey(const std::string&)	16	static
../Middlewares/Third_Party/connectedhomeip/src/lib/support/TestPersistentStorageDelegate.h:260:24:virtual CHIP_ERROR chip::TestPersistentStorageDelegate::SyncDeleteKeyValueInternal(const char*)	64	static
C:\ST\STM32CubeIDE_1.17.0\STM32CubeIDE\plugins\com.st.stm32cube.ide.mcu.externaltools.gnu-tools-for-stm32.13.3.rel1.win32_1.0.0.202411081344\tools\bin/../lib/gcc/arm-none-eabi/13.3.1/../../../../arm-none-eabi/include/c++/13.3.1/bits/stl_set.h:511:7:std::pair<typename std::_Rb_tree<_Key, _Key, std::_Identity<_Tp>, _Compare, typename __gnu_cxx::__alloc_traits<_Allocator>::rebind<_Key>::other>::const_iterator, bool> std::set<_Key, _Compare, _Alloc>::insert(const value_type&) [with _Key = std::__cxx11::basic_string<char>; _Compare = std::less<std::__cxx11::basic_string<char> >; _Alloc = std::allocator<std::__cxx11::basic_string<char> >]	32	static
../Middlewares/Third_Party/connectedhomeip/src/lib/support/TestPersistentStorageDelegate.h:135:18:virtual void chip::TestPersistentStorageDelegate::AddPoisonKey(const std::string&)	0	static
../Middlewares/Third_Party/connectedhomeip/src/lib/support/TestPersistentStorageDelegate.h:157:35:virtual std::set<std::__cxx11::basic_string<char> > chip::TestPersistentStorageDelegate::GetKeys()	16	static
C:\ST\STM32CubeIDE_1.17.0\STM32CubeIDE\plugins\com.st.stm32cube.ide.mcu.externaltools.gnu-tools-for-stm32.13.3.rel1.win32_1.0.0.202411081344\tools\bin/../lib/gcc/arm-none-eabi/13.3.1/../../../../arm-none-eabi/include/c++/13.3.1/bits/stl_tree.h:2108:5:std::pair<std::_Rb_tree_node_base*, std::_Rb_tree_node_base*> std::_Rb_tree<_Key, _Val, _KeyOfValue, _Compare, _Alloc>::_M_get_insert_unique_pos(const key_type&) [with _Key = std::__cxx11::basic_string<char>; _Val = std::pair<const std::__cxx11::basic_string<char>, std::vector<unsigned char> >; _KeyOfValue = std::_Select1st<std::pair<const std::__cxx11::basic_string<char>, std::vector<unsigned char> > >; _Compare = std::less<std::__cxx11::basic_string<char> >; _Alloc = std::allocator<std::pair<const std::__cxx11::basic_string<char>, std::vector<unsigned char> > >]	24	static
C:\ST\STM32CubeIDE_1.17.0\STM32CubeIDE\plugins\com.st.stm32cube.ide.mcu.externaltools.gnu-tools-for-stm32.13.3.rel1.win32_1.0.0.202411081344\tools\bin/../lib/gcc/arm-none-eabi/13.3.1/../../../../arm-none-eabi/include/c++/13.3.1/bits/stl_map.h:524:7:std::map<_Key, _Tp, _Compare, _Alloc>::mapped_type& std::map<_Key, _Tp, _Compare, _Alloc>::operator[](key_type&&) [with _Key = std::__cxx11::basic_string<char>; _Tp = std::vector<unsigned char>; _Compare = std::less<std::__cxx11::basic_string<char> >; _Alloc = std::allocator<std::pair<const std::__cxx11::basic_string<char>, std::vector<unsigned char> > >]	40	static
../Middlewares/Third_Party/connectedhomeip/src/lib/support/TestPersistentStorageDelegate.h:203:24:virtual CHIP_ERROR chip::TestPersistentStorageDelegate::SyncGetKeyValueInternal(const char*, void*, uint16_t&)	64	static
../Middlewares/Third_Party/connectedhomeip/src/lib/support/TestPersistentStorageDelegate.h:234:24:virtual CHIP_ERROR chip::TestPersistentStorageDelegate::SyncSetKeyValueInternal(const char*, const void*, uint16_t)	64	static
