../Middlewares/Third_Party/mbedtls/library/cipher.c:998:12:get_no_padding	0	static
../Middlewares/Third_Party/mbedtls/library/cipher.c:64:12:mbedtls_cipher_list	0	static
../Middlewares/Third_Party/mbedtls/library/cipher.c:85:30:mbedtls_cipher_info_from_type	0	static
../Middlewares/Third_Party/mbedtls/library/cipher.c:99:30:mbedtls_cipher_info_from_string	16	static
../Middlewares/Third_Party/mbedtls/library/cipher.c:117:30:mbedtls_cipher_info_from_values	20	static
../Middlewares/Third_Party/mbedtls/library/cipher.c:201:6:mbedtls_cipher_init	0	static
../Middlewares/Third_Party/mbedtls/library/cipher.c:206:6:mbedtls_cipher_free	8	static
../Middlewares/Third_Party/mbedtls/library/cipher.c:245:5:mbedtls_cipher_setup	16	static
../Middlewares/Third_Party/mbedtls/library/cipher.c:302:5:mbedtls_cipher_setkey	12	static
../Middlewares/Third_Party/mbedtls/library/cipher.c:412:5:mbedtls_cipher_set_iv	24	static
../Middlewares/Third_Party/mbedtls/library/cipher.c:511:5:mbedtls_cipher_reset	0	static
../Middlewares/Third_Party/mbedtls/library/cipher.c:579:5:mbedtls_cipher_update	32	static
../Middlewares/Third_Party/mbedtls/library/cipher.c:1011:5:mbedtls_cipher_finish	12	static
../Middlewares/Third_Party/mbedtls/library/cipher.c:1119:5:mbedtls_cipher_set_padding_mode	0	static
../Middlewares/Third_Party/mbedtls/library/cipher.c:1306:5:mbedtls_cipher_crypt	40	static
../Middlewares/Third_Party/mbedtls/library/cipher.c:1582:5:mbedtls_cipher_auth_encrypt_ext	48	static
../Middlewares/Third_Party/mbedtls/library/cipher.c:1633:5:mbedtls_cipher_auth_decrypt_ext	48	static
