../Middlewares/Third_Party/mbedtls/library/entropy.c:120:12:entropy_update	64	static
../Middlewares/Third_Party/mbedtls/library/entropy.c:194:12:entropy_gather_internal.part.0	168	static
../Middlewares/Third_Party/mbedtls/library/entropy.c:62:6:mbedtls_entropy_free	8	static
../Middlewares/Third_Party/mbedtls/library/entropy.c:82:5:mbedtls_entropy_add_source	32	static
../Middlewares/Third_Party/mbedtls/library/entropy.c:27:6:mbedtls_entropy_init	24	static
../Middlewares/Third_Party/mbedtls/library/entropy.c:169:5:mbedtls_entropy_update_manual	24	static
../Middlewares/Third_Party/mbedtls/library/entropy.c:245:5:mbedtls_entropy_gather	16	static
../Middlewares/Third_Party/mbedtls/library/entropy.c:266:5:mbedtls_entropy_func	64	static
