../Middlewares/Third_Party/mbedtls/library/pk.c:45:6:mbedtls_pk_init	0	static
../Middlewares/Third_Party/mbedtls/library/pk.c:63:6:mbedtls_pk_free	8	static
../Middlewares/Third_Party/mbedtls/library/pk.c:114:26:mbedtls_pk_info_from_type	0	static
../Middlewares/Third_Party/mbedtls/library/pk.c:140:5:mbedtls_pk_setup	16	static
../Middlewares/Third_Party/mbedtls/library/pk.c:231:5:mbedtls_pk_can_do	0	static
../Middlewares/Third_Party/mbedtls/library/pk.c:1045:5:mbedtls_pk_verify_restartable	32	static
../Middlewares/Third_Party/mbedtls/library/pk.c:1095:5:mbedtls_pk_verify	24	static
../Middlewares/Third_Party/mbedtls/library/pk.c:1106:5:mbedtls_pk_verify_ext	40	static
../Middlewares/Third_Party/mbedtls/library/pk.c:1236:5:mbedtls_pk_sign_restartable	48	static
../Middlewares/Third_Party/mbedtls/library/pk.c:1290:5:mbedtls_pk_sign	32	static
../Middlewares/Third_Party/mbedtls/library/pk.c:1303:5:mbedtls_pk_sign_ext	48	static
../Middlewares/Third_Party/mbedtls/library/pk.c:1405:5:mbedtls_pk_decrypt	16	static
../Middlewares/Third_Party/mbedtls/library/pk.c:1425:5:mbedtls_pk_encrypt	16	static
../Middlewares/Third_Party/mbedtls/library/pk.c:1445:5:mbedtls_pk_check_pair	16	static
../Middlewares/Third_Party/mbedtls/library/pk.c:1482:8:mbedtls_pk_get_bitlen	0	static
../Middlewares/Third_Party/mbedtls/library/pk.c:1496:5:mbedtls_pk_debug	8	static
../Middlewares/Third_Party/mbedtls/library/pk.c:1513:13:mbedtls_pk_get_name	0	static
../Middlewares/Third_Party/mbedtls/library/pk.c:1525:19:mbedtls_pk_get_type	0	static
