../Middlewares/Third_Party/mbedtls/library/ssl_msg.c:407:12:ssl_get_remaining_space_in_datagram	8	static
../Middlewares/Third_Party/mbedtls/library/ssl_msg.c:3088:12:ssl_hs_is_proper_fragment	8	static
../Middlewares/Third_Party/mbedtls/library/ssl_msg.c:885:13:ssl_build_record_nonce.constprop	16	static
../Middlewares/Third_Party/mbedtls/library/ssl_msg.c:6262:13:ssl_buffering_free_slot.isra	16	static
../Middlewares/Third_Party/mbedtls/library/ssl_msg.c:4701:13:ssl_free_buffered_record.isra	8	static
../Middlewares/Third_Party/mbedtls/library/ssl_msg.c:285:6:mbedtls_ssl_set_timer	0	static
../Middlewares/Third_Party/mbedtls/library/ssl_msg.c:298:5:mbedtls_ssl_check_timer	8	static
../Middlewares/Third_Party/mbedtls/library/ssl_msg.c:901:5:mbedtls_ssl_encrypt_buf	112	static
../Middlewares/Third_Party/mbedtls/library/ssl_msg.c:1479:5:mbedtls_ssl_decrypt_buf	96	static
../Middlewares/Third_Party/mbedtls/library/ssl_msg.c:2459:6:mbedtls_ssl_flight_free	16	static
../Middlewares/Third_Party/mbedtls/library/ssl_msg.c:2717:6:mbedtls_ssl_send_flight_completed	8	static
../Middlewares/Third_Party/mbedtls/library/ssl_msg.c:2734:5:mbedtls_ssl_start_handshake_msg	8	static
../Middlewares/Third_Party/mbedtls/library/ssl_msg.c:3304:5:mbedtls_ssl_update_handshake_status	16	static
../Middlewares/Third_Party/mbedtls/library/ssl_msg.c:3359:6:mbedtls_ssl_dtls_replay_reset	0	static
../Middlewares/Third_Party/mbedtls/library/ssl_msg.c:3398:5:mbedtls_ssl_dtls_replay_check	12	static
../Middlewares/Third_Party/mbedtls/library/ssl_msg.c:3427:6:mbedtls_ssl_dtls_replay_update	20	static
../Middlewares/Third_Party/mbedtls/library/ssl_msg.c:5278:6:mbedtls_ssl_update_out_pointers	8	static
../Middlewares/Third_Party/mbedtls/library/ssl_msg.c:2348:5:mbedtls_ssl_flush_output	8	static
../Middlewares/Third_Party/mbedtls/library/ssl_msg.c:2478:12:ssl_swap_epochs	16	static
../Middlewares/Third_Party/mbedtls/library/ssl_msg.c:5319:6:mbedtls_ssl_update_in_pointers	8	static
../Middlewares/Third_Party/mbedtls/library/ssl_msg.c:5364:6:mbedtls_ssl_reset_in_out_pointers	8	static
../Middlewares/Third_Party/mbedtls/library/ssl_msg.c:5387:8:mbedtls_ssl_get_bytes_avail	0	static
../Middlewares/Third_Party/mbedtls/library/ssl_msg.c:5392:5:mbedtls_ssl_check_pending	0	static
../Middlewares/Third_Party/mbedtls/library/ssl_msg.c:5445:5:mbedtls_ssl_get_record_expansion	8	static
../Middlewares/Third_Party/mbedtls/library/ssl_msg.c:423:12:ssl_get_remaining_payload_in_datagram	24	static
../Middlewares/Third_Party/mbedtls/library/ssl_msg.c:6203:6:mbedtls_ssl_transform_free	8	static
../Middlewares/Third_Party/mbedtls/library/ssl_msg.c:6230:6:mbedtls_ssl_set_inbound_transform	0	static
../Middlewares/Third_Party/mbedtls/library/ssl_msg.c:6237:6:mbedtls_ssl_set_outbound_transform	0	static
../Middlewares/Third_Party/mbedtls/library/ssl_msg.c:6246:6:mbedtls_ssl_buffering_free	16	static
../Middlewares/Third_Party/mbedtls/library/ssl_msg.c:2687:6:mbedtls_ssl_recv_flight_completed	16	static
../Middlewares/Third_Party/mbedtls/library/ssl_msg.c:6290:6:mbedtls_ssl_write_version	8	static
../Middlewares/Third_Party/mbedtls/library/ssl_msg.c:2937:5:mbedtls_ssl_write_record	64	static
../Middlewares/Third_Party/mbedtls/library/ssl_msg.c:2531:5:mbedtls_ssl_flight_transmit	24	static
../Middlewares/Third_Party/mbedtls/library/ssl_msg.c:2511:5:mbedtls_ssl_resend	0	static
../Middlewares/Third_Party/mbedtls/library/ssl_msg.c:2145:5:mbedtls_ssl_fetch_input	24	static
../Middlewares/Third_Party/mbedtls/library/ssl_msg.c:3221:5:mbedtls_ssl_prepare_handshake_record	24	static
../Middlewares/Third_Party/mbedtls/library/ssl_msg.c:5027:5:mbedtls_ssl_handle_message_type	8	static
../Middlewares/Third_Party/mbedtls/library/ssl_msg.c:2775:5:mbedtls_ssl_write_handshake_msg_ext	24	static
../Middlewares/Third_Party/mbedtls/library/ssl_msg.c:2909:5:mbedtls_ssl_finish_handshake_msg	0	static
../Middlewares/Third_Party/mbedtls/library/ssl_msg.c:5185:5:mbedtls_ssl_write_change_cipher_spec	0	static
../Middlewares/Third_Party/mbedtls/library/ssl_msg.c:5154:5:mbedtls_ssl_send_alert_message	4	static
../Middlewares/Third_Party/mbedtls/library/ssl_msg.c:5147:5:mbedtls_ssl_send_fatal_handshake_failure	0	static
../Middlewares/Third_Party/mbedtls/library/ssl_msg.c:6179:5:mbedtls_ssl_close_notify	0	static
../Middlewares/Third_Party/mbedtls/library/ssl_msg.c:6040:5:mbedtls_ssl_write	16	static
../Middlewares/Third_Party/mbedtls/library/ssl_msg.c:6308:10:mbedtls_ssl_read_version	8	static
../Middlewares/Third_Party/mbedtls/library/ssl_msg.c:3711:12:ssl_parse_record_header	40	static
../Middlewares/Third_Party/mbedtls/library/ssl_msg.c:318:5:mbedtls_ssl_check_record	56	static
../Middlewares/Third_Party/mbedtls/library/ssl_msg.c:4184:5:mbedtls_ssl_read_record	80	static
../Middlewares/Third_Party/mbedtls/library/ssl_msg.c:5207:5:mbedtls_ssl_parse_change_cipher_spec	16	static
../Middlewares/Third_Party/mbedtls/library/ssl_msg.c:5774:5:mbedtls_ssl_read	24	static
../Middlewares/Third_Party/mbedtls/library/ssl_msg.c:6329:5:mbedtls_ssl_handle_pending_alert	8	static
../Middlewares/Third_Party/mbedtls/library/ssl_msg.c:6359:6:mbedtls_ssl_pend_fatal_alert	0	static
