../Middlewares/Third_Party/mbedtls/library/ssl_tls.c:209:21:ssl_mfl_code_to_length	0	static
../Middlewares/Third_Party/mbedtls/library/ssl_tls.c:1272:12:ssl_cookie_write_dummy	0	static
../Middlewares/Third_Party/mbedtls/library/ssl_tls.c:1286:12:ssl_cookie_check_dummy	0	static
../Middlewares/Third_Party/mbedtls/library/ssl_tls.c:895:12:ssl_update_checksum_start	0	static
../Middlewares/Third_Party/mbedtls/library/ssl_tls.c:940:12:ssl_update_checksum_sha256	0	static
../Middlewares/Third_Party/mbedtls/library/ssl_tls.c:8408:12:ssl_calc_finished_tls_sha256	96	static
../Middlewares/Third_Party/mbedtls/library/ssl_tls.c:6933:12:tls_prf_sha256	104	static
../Middlewares/Third_Party/mbedtls/library/ssl_tls.c:7358:5:ssl_calc_verify_tls_sha256	40	static
../Middlewares/Third_Party/mbedtls/library/ssl_tls.c:466:6:mbedtls_ssl_tls_prf	16	static
../Middlewares/Third_Party/mbedtls/library/ssl_tls.c:515:10:mbedtls_ssl_get_extension_id	0	static
../Middlewares/Third_Party/mbedtls/library/ssl_tls.c:607:10:mbedtls_ssl_get_extension_mask	8	static
../Middlewares/Third_Party/mbedtls/library/ssl_tls.c:782:6:mbedtls_ssl_optimize_checksum	0	static
../Middlewares/Third_Party/mbedtls/library/ssl_tls.c:803:5:mbedtls_ssl_add_hs_hdr_to_checksum	16	static
../Middlewares/Third_Party/mbedtls/library/ssl_tls.c:818:5:mbedtls_ssl_add_hs_msg_to_checksum	16	static
../Middlewares/Third_Party/mbedtls/library/ssl_tls.c:831:5:mbedtls_ssl_reset_checksum	16	static
../Middlewares/Third_Party/mbedtls/library/ssl_tls.c:1020:6:mbedtls_ssl_transform_init	8	static
../Middlewares/Third_Party/mbedtls/library/ssl_tls.c:1043:6:mbedtls_ssl_session_init	0	static
../Middlewares/Third_Party/mbedtls/library/ssl_tls.c:1303:6:mbedtls_ssl_init	0	static
../Middlewares/Third_Party/mbedtls/library/ssl_tls.c:1482:6:mbedtls_ssl_session_reset_msg_layer	16	static
../Middlewares/Third_Party/mbedtls/library/ssl_tls.c:1627:6:mbedtls_ssl_conf_endpoint	0	static
../Middlewares/Third_Party/mbedtls/library/ssl_tls.c:1632:6:mbedtls_ssl_conf_transport	0	static
../Middlewares/Third_Party/mbedtls/library/ssl_tls.c:1638:6:mbedtls_ssl_conf_dtls_anti_replay	0	static
../Middlewares/Third_Party/mbedtls/library/ssl_tls.c:1644:6:mbedtls_ssl_conf_dtls_badmac_limit	0	static
../Middlewares/Third_Party/mbedtls/library/ssl_tls.c:1651:6:mbedtls_ssl_set_datagram_packing	0	static
../Middlewares/Third_Party/mbedtls/library/ssl_tls.c:1657:6:mbedtls_ssl_conf_handshake_timeout	0	static
../Middlewares/Third_Party/mbedtls/library/ssl_tls.c:1665:6:mbedtls_ssl_conf_authmode	0	static
../Middlewares/Third_Party/mbedtls/library/ssl_tls.c:1671:6:mbedtls_ssl_conf_verify	0	static
../Middlewares/Third_Party/mbedtls/library/ssl_tls.c:1680:6:mbedtls_ssl_conf_rng	0	static
../Middlewares/Third_Party/mbedtls/library/ssl_tls.c:1688:6:mbedtls_ssl_conf_dbg	0	static
../Middlewares/Third_Party/mbedtls/library/ssl_tls.c:1696:6:mbedtls_ssl_set_bio	0	static
../Middlewares/Third_Party/mbedtls/library/ssl_tls.c:1709:6:mbedtls_ssl_set_mtu	0	static
../Middlewares/Third_Party/mbedtls/library/ssl_tls.c:1715:6:mbedtls_ssl_conf_read_timeout	0	static
../Middlewares/Third_Party/mbedtls/library/ssl_tls.c:1720:6:mbedtls_ssl_set_timer_cb	4	static
../Middlewares/Third_Party/mbedtls/library/ssl_tls.c:1734:6:mbedtls_ssl_conf_session_cache	0	static
../Middlewares/Third_Party/mbedtls/library/ssl_tls.c:1787:6:mbedtls_ssl_conf_ciphersuites	0	static
../Middlewares/Third_Party/mbedtls/library/ssl_tls.c:1819:6:mbedtls_ssl_conf_cert_profile	0	static
../Middlewares/Third_Party/mbedtls/library/ssl_tls.c:1874:5:mbedtls_ssl_conf_own_cert	16	static
../Middlewares/Third_Party/mbedtls/library/ssl_tls.c:1881:6:mbedtls_ssl_conf_ca_chain	0	static
../Middlewares/Third_Party/mbedtls/library/ssl_tls.c:1952:6:mbedtls_ssl_set_verify	0	static
../Middlewares/Third_Party/mbedtls/library/ssl_tls.c:2080:5:mbedtls_ssl_set_hs_ecjpake_password	16	static
../Middlewares/Third_Party/mbedtls/library/ssl_tls.c:2111:5:mbedtls_ssl_conf_has_static_psk	0	static
../Middlewares/Third_Party/mbedtls/library/ssl_tls.c:2183:5:mbedtls_ssl_conf_psk	32	static
../Middlewares/Third_Party/mbedtls/library/ssl_tls.c:2241:5:mbedtls_ssl_set_hs_psk	24	static
../Middlewares/Third_Party/mbedtls/library/ssl_tls.c:2348:6:mbedtls_ssl_conf_psk_cb	0	static
../Middlewares/Third_Party/mbedtls/library/ssl_tls.c:2415:20:mbedtls_ssl_get_mode_from_transform	0	static
../Middlewares/Third_Party/mbedtls/library/ssl_tls.c:2433:20:mbedtls_ssl_get_mode_from_ciphersuite	8	static
../Middlewares/Third_Party/mbedtls/library/ssl_tls.c:2723:6:mbedtls_ssl_conf_sig_hashes	0	static
../Middlewares/Third_Party/mbedtls/library/ssl_tls.c:2731:6:mbedtls_ssl_conf_sig_algs	0	static
../Middlewares/Third_Party/mbedtls/library/ssl_tls.c:2751:6:mbedtls_ssl_conf_curves	0	static
../Middlewares/Third_Party/mbedtls/library/ssl_tls.c:2763:6:mbedtls_ssl_conf_groups	0	static
../Middlewares/Third_Party/mbedtls/library/ssl_tls.c:2773:5:mbedtls_ssl_set_hostname	24	static
../Middlewares/Third_Party/mbedtls/library/ssl_tls.c:2930:6:mbedtls_ssl_conf_max_version	0	static
../Middlewares/Third_Party/mbedtls/library/ssl_tls.c:2935:6:mbedtls_ssl_conf_min_version	0	static
../Middlewares/Third_Party/mbedtls/library/ssl_tls.c:2942:6:mbedtls_ssl_conf_cert_req_ca_list	0	static
../Middlewares/Third_Party/mbedtls/library/ssl_tls.c:2964:5:mbedtls_ssl_conf_max_frag_len	8	static
../Middlewares/Third_Party/mbedtls/library/ssl_tls.c:2977:6:mbedtls_ssl_conf_legacy_renegotiation	0	static
../Middlewares/Third_Party/mbedtls/library/ssl_tls.c:3030:6:mbedtls_ssl_set_export_keys_cb	0	static
../Middlewares/Third_Party/mbedtls/library/ssl_tls.c:3080:10:mbedtls_ssl_get_verify_result	0	static
../Middlewares/Third_Party/mbedtls/library/ssl_tls.c:3093:5:mbedtls_ssl_get_ciphersuite_id_from_ssl	0	static
../Middlewares/Third_Party/mbedtls/library/ssl_tls.c:3102:13:mbedtls_ssl_get_ciphersuite	0	static
../Middlewares/Third_Party/mbedtls/library/ssl_tls.c:3111:13:mbedtls_ssl_get_version	0	static
../Middlewares/Third_Party/mbedtls/library/ssl_tls.c:3160:8:mbedtls_ssl_get_input_max_frag_len	8	static
../Middlewares/Third_Party/mbedtls/library/ssl_tls.c:3192:8:mbedtls_ssl_get_output_max_frag_len	8	static
../Middlewares/Third_Party/mbedtls/library/ssl_tls.c:3218:8:mbedtls_ssl_get_current_mtu	0	static
../Middlewares/Third_Party/mbedtls/library/ssl_tls.c:3240:5:mbedtls_ssl_get_max_out_record_payload	16	static
../Middlewares/Third_Party/mbedtls/library/ssl_tls.c:3312:5:mbedtls_ssl_get_max_in_record_payload	8	static
../Middlewares/Third_Party/mbedtls/library/ssl_tls.c:3332:25:mbedtls_ssl_get_peer_cert	0	static
../Middlewares/Third_Party/mbedtls/library/ssl_tls.c:4369:5:mbedtls_ssl_session_save	24	static
../Middlewares/Third_Party/mbedtls/library/ssl_tls.c:4498:5:mbedtls_ssl_handshake_step	8	static
../Middlewares/Third_Party/mbedtls/library/ssl_tls.c:4587:5:mbedtls_ssl_handshake	8	static
../Middlewares/Third_Party/mbedtls/library/ssl_tls.c:4750:6:mbedtls_ssl_handshake_free	16	static
../Middlewares/Third_Party/mbedtls/library/ssl_tls.c:4921:6:mbedtls_ssl_session_free	8	static
../Middlewares/Third_Party/mbedtls/library/ssl_tls.c:228:5:mbedtls_ssl_session_copy	16	static
../Middlewares/Third_Party/mbedtls/library/ssl_tls.c:1746:5:mbedtls_ssl_set_session	8	static
../Middlewares/Third_Party/mbedtls/library/ssl_tls.c:3347:5:mbedtls_ssl_get_session	8	static
../Middlewares/Third_Party/mbedtls/library/ssl_tls.c:4446:5:mbedtls_ssl_session_load	32	static
../Middlewares/Third_Party/mbedtls/library/ssl_tls.c:5515:6:mbedtls_ssl_free	16	static
../Middlewares/Third_Party/mbedtls/library/ssl_tls.c:5592:6:mbedtls_ssl_config_init	0	static
../Middlewares/Third_Party/mbedtls/library/ssl_tls.c:5828:5:mbedtls_ssl_config_defaults	8	static
../Middlewares/Third_Party/mbedtls/library/ssl_tls.c:6031:6:mbedtls_ssl_config_free	16	static
../Middlewares/Third_Party/mbedtls/library/ssl_tls.c:6069:15:mbedtls_ssl_sig_from_pk	8	static
../Middlewares/Third_Party/mbedtls/library/ssl_tls.c:6084:15:mbedtls_ssl_sig_from_pk_alg	0	static
../Middlewares/Third_Party/mbedtls/library/ssl_tls.c:6097:19:mbedtls_ssl_pk_alg_from_sig	0	static
../Middlewares/Third_Party/mbedtls/library/ssl_tls.c:6118:19:mbedtls_ssl_md_alg_from_hash	0	static
../Middlewares/Third_Party/mbedtls/library/ssl_tls.c:6153:15:mbedtls_ssl_hash_from_md_alg	0	static
../Middlewares/Third_Party/mbedtls/library/ssl_tls.c:6189:5:mbedtls_ssl_check_curve_tls_id	0	static
../Middlewares/Third_Party/mbedtls/library/ssl_tls.c:6271:5:mbedtls_ssl_get_psa_curve_info_from_tls_id	0	static
../Middlewares/Third_Party/mbedtls/library/ssl_tls.c:6290:22:mbedtls_ssl_get_ecp_group_id_from_tls_id	0	static
../Middlewares/Third_Party/mbedtls/library/ssl_tls.c:6301:10:mbedtls_ssl_get_tls_id_from_ecp_group_id	0	static
../Middlewares/Third_Party/mbedtls/library/ssl_tls.c:1049:12:ssl_handshake_init	24	static
../Middlewares/Third_Party/mbedtls/library/ssl_tls.c:1394:5:mbedtls_ssl_setup	16	static
../Middlewares/Third_Party/mbedtls/library/ssl_tls.c:1564:5:mbedtls_ssl_session_reset_int	16	static
../Middlewares/Third_Party/mbedtls/library/ssl_tls.c:1619:5:mbedtls_ssl_session_reset	0	static
../Middlewares/Third_Party/mbedtls/library/ssl_tls.c:6210:5:mbedtls_ssl_check_curve	8	static
../Middlewares/Third_Party/mbedtls/library/ssl_tls.c:6348:5:mbedtls_ssl_check_cert_usage	24	static
../Middlewares/Third_Party/mbedtls/library/ssl_tls.c:6537:5:mbedtls_ssl_get_handshake_transcript	32	static
../Middlewares/Third_Party/mbedtls/library/ssl_tls.c:6611:5:mbedtls_ssl_parse_sig_alg_ext	24	static
../Middlewares/Third_Party/mbedtls/library/ssl_tls.c:7200:5:mbedtls_ssl_derive_keys	328	static
../Middlewares/Third_Party/mbedtls/library/ssl_tls.c:7262:5:mbedtls_ssl_set_calc_verify_md	0	static
../Middlewares/Third_Party/mbedtls/library/ssl_tls.c:7389:5:mbedtls_ssl_psk_derive_premaster	32	static
../Middlewares/Third_Party/mbedtls/library/ssl_tls.c:7584:5:mbedtls_ssl_write_certificate	24	static
../Middlewares/Third_Party/mbedtls/library/ssl_tls.c:8172:5:mbedtls_ssl_parse_certificate	72	static
../Middlewares/Third_Party/mbedtls/library/ssl_tls.c:8440:6:mbedtls_ssl_handshake_wrapup_free_hs_transform	8	static
../Middlewares/Third_Party/mbedtls/library/ssl_tls.c:8464:6:mbedtls_ssl_handshake_wrapup	16	static
../Middlewares/Third_Party/mbedtls/library/ssl_tls.c:8525:5:mbedtls_ssl_write_finished	8	static
../Middlewares/Third_Party/mbedtls/library/ssl_tls.c:8639:5:mbedtls_ssl_parse_finished	32	static
../Middlewares/Third_Party/mbedtls/library/ssl_tls.c:9383:5:mbedtls_ssl_get_key_exchange_md_tls1_2	40	static
../Middlewares/Third_Party/mbedtls/library/ssl_tls.c:9440:14:mbedtls_ssl_tls12_get_preferred_hash_for_sig_alg	8	static
../Middlewares/Third_Party/mbedtls/library/ssl_tls.c:9499:5:mbedtls_ssl_validate_ciphersuite	16	static
../Middlewares/Third_Party/mbedtls/library/ssl_tls.c:9584:5:mbedtls_ssl_write_sig_alg_ext	20	static
