../Middlewares/Third_Party/mbedtls/library/x509write_csr.c:39:6:mbedtls_x509write_csr_init	0	static
../Middlewares/Third_Party/mbedtls/library/x509write_csr.c:44:6:mbedtls_x509write_csr_free	8	static
../Middlewares/Third_Party/mbedtls/library/x509write_csr.c:52:6:mbedtls_x509write_csr_set_md_alg	0	static
../Middlewares/Third_Party/mbedtls/library/x509write_csr.c:57:6:mbedtls_x509write_csr_set_key	0	static
../Middlewares/Third_Party/mbedtls/library/x509write_csr.c:62:5:mbedtls_x509write_csr_set_subject_name	0	static
../Middlewares/Third_Party/mbedtls/library/x509write_csr.c:68:5:mbedtls_x509write_csr_set_extension	0	static
../Middlewares/Third_Party/mbedtls/library/x509write_csr.c:77:5:mbedtls_x509write_csr_set_subject_alternative_name	0	static
../Middlewares/Third_Party/mbedtls/library/x509write_csr.c:83:5:mbedtls_x509write_csr_set_key_usage	40	static
../Middlewares/Third_Party/mbedtls/library/x509write_csr.c:106:5:mbedtls_x509write_csr_set_ns_cert_type	40	static
../Middlewares/Third_Party/mbedtls/library/x509write_csr.c:284:5:mbedtls_x509write_csr_der	128	static
../Middlewares/Third_Party/mbedtls/library/x509write_csr.c:309:5:mbedtls_x509write_csr_pem	40	static
